// Jest Snapshot v1, https://goo.gl/fbAQLP

exports[`ShareUI should render correctly 1`] = `
<div>
  <form>
    <div
      class="space-y-2"
    >
      <input
        aria-describedby=":r0:-form-item-description"
        aria-invalid="false"
        class="flex h-9 w-full rounded-md border border-input bg-transparent px-3 py-1 text-sm shadow-sm transition-colors file:border-0 file:bg-transparent file:text-sm file:font-medium placeholder:text-muted-foreground focus-visible:outline-none focus-visible:ring-1 focus-visible:ring-ring disabled:cursor-not-allowed disabled:opacity-50"
        id=":r0:-form-item"
        name="youtubeURL"
        placeholder="https://youtube.com/xsyqgsa"
        value=""
      />
    </div>
    <button
      class="inline-flex items-center justify-center whitespace-nowrap rounded-md text-sm font-medium transition-colors focus-visible:outline-none focus-visible:ring-1 focus-visible:ring-ring disabled:pointer-events-none disabled:opacity-50 bg-primary text-primary-foreground shadow hover:bg-primary/90 h-9 px-4 py-2 w-full"
      type="submit"
    >
      Share
    </button>
  </form>
</div>
`;
